SH17: 1/256 images
SH17: 2/256 images
SH17: 3/256 images
SH17: 4/256 images
SH17: 5/256 images
SH17: 6/256 images
SH17: 7/256 images
SH17: 8/256 images
SH17: 9/256 images
SH17: 10/256 images
SH17: 11/256 images
SH17: 12/256 images
SH17: 13/256 images
SH17: 14/256 images
SH17: 15/256 images
SH17: 16/256 images
SH17: 17/256 images
SH17: 18/256 images
SH17: 19/256 images
SH17: 20/256 images
SH17: 21/256 images
SH17: 22/256 images
SH17: 23/256 images
SH17: 24/256 images
SH17: 25/256 images
SH17: 26/256 images
SH17: 27/256 images
SH17: 28/256 images
SH17: 29/256 images
SH17: 30/256 images
SH17: 31/256 images
SH17: 32/256 images
SH17: 33/256 images
SH17: 34/256 images
SH17: 35/256 images
SH17: 36/256 images
SH17: 37/256 images
SH17: 38/256 images
SH17: 39/256 images
SH17: 40/256 images
SH17: 41/256 images
SH17: 42/256 images
SH17: 43/256 images
SH17: 44/256 images
SH17: 45/256 images
SH17: 46/256 images
SH17: 47/256 images
SH17: 48/256 images
SH17: 49/256 images
SH17: 50/256 images
SH17: 51/256 images
SH17: 52/256 images
SH17: 53/256 images
SH17: 54/256 images
SH17: 55/256 images
SH17: 56/256 images
SH17: 57/256 images
SH17: 58/256 images
SH17: 59/256 images
SH17: 60/256 images
SH17: 61/256 images
SH17: 62/256 images
SH17: 63/256 images
SH17: 64/256 images
SH17: 65/256 images
SH17: 66/256 images
SH17: 67/256 images
SH17: 68/256 images
SH17: 69/256 images
SH17: 70/256 images
SH17: 71/256 images
SH17: 72/256 images
SH17: 73/256 images
SH17: 74/256 images
SH17: 75/256 images
SH17: 76/256 images
SH17: 77/256 images
SH17: 78/256 images
SH17: 79/256 images
SH17: 80/256 images
SH17: 81/256 images
SH17: 82/256 images
SH17: 83/256 images
SH17: 84/256 images
SH17: 85/256 images
SH17: 86/256 images
SH17: 87/256 images
SH17: 88/256 images
SH17: 89/256 images
SH17: 90/256 images
SH17: 91/256 images
SH17: 92/256 images
SH17: 93/256 images
SH17: 94/256 images
SH17: 95/256 images
SH17: 96/256 images
SH17: 97/256 images
SH17: 98/256 images
SH17: 99/256 images
SH17: 100/256 images
SH17: 101/256 images
SH17: 102/256 images
SH17: 103/256 images
SH17: 104/256 images
SH17: 105/256 images
SH17: 106/256 images
SH17: 107/256 images
SH17: 108/256 images
SH17: 109/256 images
SH17: 110/256 images
SH17: 111/256 images
SH17: 112/256 images
SH17: 113/256 images
SH17: 114/256 images
SH17: 115/256 images
SH17: 116/256 images
SH17: 117/256 images
SH17: 118/256 images
SH17: 119/256 images
SH17: 120/256 images
SH17: 121/256 images
SH17: 122/256 images
SH17: 123/256 images
SH17: 124/256 images
SH17: 125/256 images
SH17: 126/256 images
SH17: 127/256 images
SH17: 128/256 images
SH17: 129/256 images
SH17: 130/256 images
SH17: 131/256 images
SH17: 132/256 images
SH17: 133/256 images
SH17: 134/256 images
SH17: 135/256 images
SH17: 136/256 images
SH17: 137/256 images
SH17: 138/256 images
SH17: 139/256 images
SH17: 140/256 images
SH17: 141/256 images
SH17: 142/256 images
SH17: 143/256 images
SH17: 144/256 images
SH17: 145/256 images
SH17: 146/256 images
SH17: 147/256 images
SH17: 148/256 images
SH17: 149/256 images
SH17: 150/256 images
SH17: 151/256 images
SH17: 152/256 images
SH17: 153/256 images
SH17: 154/256 images
SH17: 155/256 images
SH17: 156/256 images
SH17: 157/256 images
SH17: 158/256 images
SH17: 159/256 images
SH17: 160/256 images
SH17: 161/256 images
SH17: 162/256 images
SH17: 163/256 images
SH17: 164/256 images
SH17: 165/256 images
SH17: 166/256 images
SH17: 167/256 images
SH17: 168/256 images
SH17: 169/256 images
SH17: 170/256 images
SH17: 171/256 images
SH17: 172/256 images
SH17: 173/256 images
SH17: 174/256 images
SH17: 175/256 images
SH17: 176/256 images
SH17: 177/256 images
SH17: 178/256 images
SH17: 179/256 images
SH17: 180/256 images
SH17: 181/256 images
SH17: 182/256 images
SH17: 183/256 images
SH17: 184/256 images
SH17: 185/256 images
SH17: 186/256 images
SH17: 187/256 images
SH17: 188/256 images
SH17: 189/256 images
SH17: 190/256 images
SH17: 191/256 images
SH17: 192/256 images
SH17: 193/256 images
SH17: 194/256 images
SH17: 195/256 images
SH17: 196/256 images
SH17: 197/256 images
SH17: 198/256 images
SH17: 199/256 images
SH17: 200/256 images
SH17: 201/256 images
SH17: 202/256 images
SH17: 203/256 images
SH17: 204/256 images
SH17: 205/256 images
SH17: 206/256 images
SH17: 207/256 images
SH17: 208/256 images
SH17: 209/256 images
SH17: 210/256 images
SH17: 211/256 images
SH17: 212/256 images
SH17: 213/256 images
SH17: 214/256 images
SH17: 215/256 images
SH17: 216/256 images
SH17: 217/256 images
SH17: 218/256 images
SH17: 219/256 images
SH17: 220/256 images
SH17: 221/256 images
SH17: 222/256 images
SH17: 223/256 images
SH17: 224/256 images
SH17: 225/256 images
SH17: 226/256 images
SH17: 227/256 images
SH17: 228/256 images
SH17: 229/256 images
SH17: 230/256 images
SH17: 231/256 images
SH17: 232/256 images
SH17: 233/256 images
SH17: 234/256 images
SH17: 235/256 images
SH17: 236/256 images
SH17: 237/256 images
SH17: 238/256 images
SH17: 239/256 images
SH17: 240/256 images
SH17: 241/256 images
SH17: 242/256 images
SH17: 243/256 images
SH17: 244/256 images
SH17: 245/256 images
SH17: 246/256 images
SH17: 247/256 images
SH17: 248/256 images
SH17: 249/256 images
SH17: 250/256 images
SH17: 251/256 images
SH17: 252/256 images
SH17: 253/256 images
SH17: 254/256 images
SH17: 255/256 images
SH17: 256/256 images
{
  "state": "completed",
  "images": 256,
  "split_counts": {
    "train": 163,
    "test": 39,
    "validation": 29,
    "calibration": 25
  }
}
