Creating new Ultralytics Settings v0.0.8 file  
View Ultralytics Settings with 'yolo settings' or at 'C:\Users\muzam\AppData\Roaming\Ultralytics\settings.json'
Update Settings with 'yolo settings key=value', i.e. 'yolo settings runs_dir=path/to/dir'. For help see https://docs.ultralytics.com/usage/settings.

[KDownloading https://github.com/ultralytics/assets/releases/download/v8.4.0/yolo11n.pt to 'yolo11n.pt': 4% ╸─────────── 272.0KB/5.4MB 1.9MB/s 0.1s<2.7s
[KDownloading https://github.com/ultralytics/assets/releases/download/v8.4.0/yolo11n.pt to 'yolo11n.pt': 9% ━─────────── 528.0KB/5.4MB 2.1MB/s 0.3s<2.3s
[KDownloading https://github.com/ultralytics/assets/releases/download/v8.4.0/yolo11n.pt to 'yolo11n.pt': 13% ━╸────────── 752.0KB/5.4MB 1.9MB/s 0.4s<2.4s
[KDownloading https://github.com/ultralytics/assets/releases/download/v8.4.0/yolo11n.pt to 'yolo11n.pt': 19% ━━────────── 1.0/5.4MB 2.9MB/s 0.5s<1.5s
[KDownloading https://github.com/ultralytics/assets/releases/download/v8.4.0/yolo11n.pt to 'yolo11n.pt': 25% ━━━───────── 1.4/5.4MB 2.9MB/s 0.6s<1.4s
[KDownloading https://github.com/ultralytics/assets/releases/download/v8.4.0/yolo11n.pt to 'yolo11n.pt': 27% ━━━───────── 1.5/5.4MB 1.1MB/s 0.7s<3.6s
[KDownloading https://github.com/ultralytics/assets/releases/download/v8.4.0/yolo11n.pt to 'yolo11n.pt': 34% ━━━━──────── 1.8/5.4MB 3.2MB/s 0.8s<1.1s
[KDownloading https://github.com/ultralytics/assets/releases/download/v8.4.0/yolo11n.pt to 'yolo11n.pt': 38% ━━━━╸─────── 2.0/5.4MB 1.3MB/s 1.0s<2.6s
[KDownloading https://github.com/ultralytics/assets/releases/download/v8.4.0/yolo11n.pt to 'yolo11n.pt': 39% ━━━━╸─────── 2.1/5.4MB 143.9KB/s 1.1s<23.2s
[KDownloading https://github.com/ultralytics/assets/releases/download/v8.4.0/yolo11n.pt to 'yolo11n.pt': 42% ━━━━━─────── 2.3/5.4MB 1.5MB/s 1.2s<2.1s
[KDownloading https://github.com/ultralytics/assets/releases/download/v8.4.0/yolo11n.pt to 'yolo11n.pt': 45% ━━━━━─────── 2.4/5.4MB 1.4MB/s 1.3s<2.2s
[KDownloading https://github.com/ultralytics/assets/releases/download/v8.4.0/yolo11n.pt to 'yolo11n.pt': 47% ━━━━━╸────── 2.5/5.4MB 1.2MB/s 1.4s<2.3s
[KDownloading https://github.com/ultralytics/assets/releases/download/v8.4.0/yolo11n.pt to 'yolo11n.pt': 49% ━━━━━╸────── 2.7/5.4MB 1.1MB/s 1.5s<2.5s
[KDownloading https://github.com/ultralytics/assets/releases/download/v8.4.0/yolo11n.pt to 'yolo11n.pt': 51% ━━━━━━────── 2.8/5.4MB 221.8KB/s 1.8s<11.9s
[KDownloading https://github.com/ultralytics/assets/releases/download/v8.4.0/yolo11n.pt to 'yolo11n.pt': 56% ━━━━━━╸───── 3.0/5.4MB 386.3KB/s 2.1s<6.2s
[KDownloading https://github.com/ultralytics/assets/releases/download/v8.4.0/yolo11n.pt to 'yolo11n.pt': 58% ━━━━━━━───── 3.2/5.4MB 1.5MB/s 2.2s<1.4s
[KDownloading https://github.com/ultralytics/assets/releases/download/v8.4.0/yolo11n.pt to 'yolo11n.pt': 62% ━━━━━━━───── 3.3/5.4MB 1.4MB/s 2.3s<1.4s
[KDownloading https://github.com/ultralytics/assets/releases/download/v8.4.0/yolo11n.pt to 'yolo11n.pt': 65% ━━━━━━━╸──── 3.5/5.4MB 550.4KB/s 2.5s<3.4s
[KDownloading https://github.com/ultralytics/assets/releases/download/v8.4.0/yolo11n.pt to 'yolo11n.pt': 69% ━━━━━━━━──── 3.7/5.4MB 1.9MB/s 2.6s<0.9s
[KDownloading https://github.com/ultralytics/assets/releases/download/v8.4.0/yolo11n.pt to 'yolo11n.pt': 72% ━━━━━━━━╸─── 3.9/5.4MB 1.6MB/s 2.7s<1.0s
[KDownloading https://github.com/ultralytics/assets/releases/download/v8.4.0/yolo11n.pt to 'yolo11n.pt': 74% ━━━━━━━━╸─── 4.0/5.4MB 1.3MB/s 2.8s<1.0s
[KDownloading https://github.com/ultralytics/assets/releases/download/v8.4.0/yolo11n.pt to 'yolo11n.pt': 77% ━━━━━━━━━─── 4.1/5.4MB 605.8KB/s 3.0s<2.1s
[KDownloading https://github.com/ultralytics/assets/releases/download/v8.4.0/yolo11n.pt to 'yolo11n.pt': 82% ━━━━━━━━━╸── 4.4/5.4MB 1.3MB/s 3.3s<0.7s
[KDownloading https://github.com/ultralytics/assets/releases/download/v8.4.0/yolo11n.pt to 'yolo11n.pt': 84% ━━━━━━━━━━── 4.5/5.4MB 1.2MB/s 3.4s<0.7s
[KDownloading https://github.com/ultralytics/assets/releases/download/v8.4.0/yolo11n.pt to 'yolo11n.pt': 89% ━━━━━━━━━━╸─ 4.8/5.4MB 693.8KB/s 3.6s<0.8s
[KDownloading https://github.com/ultralytics/assets/releases/download/v8.4.0/yolo11n.pt to 'yolo11n.pt': 91% ━━━━━━━━━━━─ 4.9/5.4MB 1.2MB/s 3.8s<0.4s
[KDownloading https://github.com/ultralytics/assets/releases/download/v8.4.0/yolo11n.pt to 'yolo11n.pt': 94% ━━━━━━━━━━━─ 5.1/5.4MB 701.5KB/s 4.0s<0.4s
[KDownloading https://github.com/ultralytics/assets/releases/download/v8.4.0/yolo11n.pt to 'yolo11n.pt': 96% ━━━━━━━━━━━╸ 5.2/5.4MB 1.1MB/s 4.1s<0.1s
[KDownloading https://github.com/ultralytics/assets/releases/download/v8.4.0/yolo11n.pt to 'yolo11n.pt': 100% ━━━━━━━━━━━━ 5.4MB 1.3MB/s 4.2s
New https://pypi.org/project/ultralytics/8.4.164 available  Update with 'pip install -U ultralytics'
Ultralytics 8.4.163  Python-3.12.10 torch-2.14.0+cpu CPU (Intel Core i7-8850H 2.60GHz)
[34m[1mengine\trainer: [0magnostic_nms=False, amp=False, angle=1.0, augment=False, auto_augment=randaugment, batch=8, bgr=0.0, box=7.5, cache=False, cfg=None, channels_last=None, classes=None, close_mosaic=0, cls=0.5, cls_pw=0.0, cls_remap=True, compile=False, conf=None, copy_paste=0.0, copy_paste_mode=flip, cos_lr=False, cutmix=0.0, data=C:\Users\muzam\OneDrive\Desktop\Programming\SurveilX\data\runs\yolo-rai-pennfudan-v1\dataset\dataset.yaml, degrees=0.0, deterministic=True, device=cpu, dfl=1.5, dgrad=0.5, dis=6.0, distill_model=None, dlam=1.0, dlog=1.0, dnn=False, dropout=0.0, dynamic=False, embed=None, epochs=5, erasing=0.4, exist_ok=True, fliplr=0.5, flipud=0.0, format=torchscript, fraction=1.0, freeze=None, hsv_h=0.015, hsv_s=0.7, hsv_v=0.4, imgsz=256, iou=0.7, keras=False, kobj=1.0, line_width=None, lr0=0.01, lrf=0.01, mask_ratio=4, max_det=100, mixup=0.0, mode=train, model=yolo11n.pt, momentum=0.937, mosaic=0, multi_scale=0.0, name=fit, nbs=64, nms=None, opset=None, optimize=False, optimizer=auto, overlap_mask=True, patience=5, perspective=0.0, plots=False, pose=12.0, pretrained=True, profile=False, project=C:\Users\muzam\OneDrive\Desktop\Programming\SurveilX\data\runs\yolo-rai-pennfudan-v1, quantize=None, rect=False, resume=False, retina_masks=False, rle=1.0, save=True, save_conf=False, save_crop=False, save_dir=C:\Users\muzam\OneDrive\Desktop\Programming\SurveilX\data\runs\yolo-rai-pennfudan-v1\fit, save_frames=False, save_json=False, save_period=-1, save_txt=False, scale=0.5, seed=42, shear=0.0, show=False, show_boxes=True, show_conf=True, show_labels=True, simplify=True, single_cls=False, source=None, split=val, stream_buffer=False, task=detect, time=None, tracker=tracktrack.yaml, translate=0.1, val=True, verbose=False, vid_stride=1, visualize=False, warmup_bias_lr=0.1, warmup_epochs=3.0, warmup_momentum=0.8, weight_decay=0.0005, workers=0, workspace=None
Matplotlib is building the font cache; this may take a moment.

[KDownloading https://ultralytics.com/assets/Arial.ttf to 'C:\Users\muzam\AppData\Roaming\Ultralytics\Arial.ttf': 66% ━━━━━━━━──── 504.0/755.1KB 4.0MB/s 0.1s<0.1s
[KDownloading https://ultralytics.com/assets/Arial.ttf to 'C:\Users\muzam\AppData\Roaming\Ultralytics\Arial.ttf': 100% ━━━━━━━━━━━━ 755.1KB 5.3MB/s 0.1s
Overriding model.yaml nc=80 with nc=1

                   from  n    params  module                                       arguments                     
  0                  -1  1       464  ultralytics.nn.modules.conv.Conv             [3, 16, 3, 2]                 
  1                  -1  1      4672  ultralytics.nn.modules.conv.Conv             [16, 32, 3, 2]                
  2                  -1  1      6640  ultralytics.nn.modules.block.C3k2            [32, 64, 1, False, 0.25]      
  3                  -1  1     36992  ultralytics.nn.modules.conv.Conv             [64, 64, 3, 2]                
  4                  -1  1     26080  ultralytics.nn.modules.block.C3k2            [64, 128, 1, False, 0.25]     
  5                  -1  1    147712  ultralytics.nn.modules.conv.Conv             [128, 128, 3, 2]              
  6                  -1  1     87040  ultralytics.nn.modules.block.C3k2            [128, 128, 1, True]           
  7                  -1  1    295424  ultralytics.nn.modules.conv.Conv             [128, 256, 3, 2]              
  8                  -1  1    346112  ultralytics.nn.modules.block.C3k2            [256, 256, 1, True]           
  9                  -1  1    164608  ultralytics.nn.modules.block.SPPF            [256, 256, 5]                 
 10                  -1  1    249728  ultralytics.nn.modules.block.C2PSA           [256, 256, 1]                 
 11                  -1  1         0  torch.nn.modules.upsampling.Upsample         [None, 2, 'nearest']          
 12             [-1, 6]  1         0  ultralytics.nn.modules.conv.Concat           [1]                           
 13                  -1  1    111296  ultralytics.nn.modules.block.C3k2            [384, 128, 1, False]          
 14                  -1  1         0  torch.nn.modules.upsampling.Upsample         [None, 2, 'nearest']          
 15             [-1, 4]  1         0  ultralytics.nn.modules.conv.Concat           [1]                           
 16                  -1  1     32096  ultralytics.nn.modules.block.C3k2            [256, 64, 1, False]           
 17                  -1  1     36992  ultralytics.nn.modules.conv.Conv             [64, 64, 3, 2]                
 18            [-1, 13]  1         0  ultralytics.nn.modules.conv.Concat           [1]                           
 19                  -1  1     86720  ultralytics.nn.modules.block.C3k2            [192, 128, 1, False]          
 20                  -1  1    147712  ultralytics.nn.modules.conv.Conv             [128, 128, 3, 2]              
 21            [-1, 10]  1         0  ultralytics.nn.modules.conv.Concat           [1]                           
 22                  -1  1    378880  ultralytics.nn.modules.block.C3k2            [384, 256, 1, True]           
 23        [16, 19, 22]  1    430867  ultralytics.nn.modules.head.Detect           [1, 16, None, [64, 128, 256]] 
YOLO11n summary: 181 layers, 2,590,035 parameters, 2,590,019 gradients, 6.5 GFLOPs

Remapped 1/1 cls head rows from pretrained weights by class name
Transferred 451/499 items from pretrained weights
Freezing layer 'model.23.dfl.conv.weight'
WARNING [34m[1mtrain: [0mSlow image access detected (ping: 0.20.1 ms, read: 12.66.2 MB/s, size: 363.8 KB). Use local storage instead of remote/mounted storage for better performance. See https://docs.ultralytics.com/guides/model-training-tips

[K[34m[1mtrain: [0mScanning C:\Users\muzam\OneDrive\Desktop\Programming\SurveilX\data\runs\yolo-rai-pennfudan-v1\dataset\labels\train... 9 images, 0 backgrounds, 0 corrupt: 9% ━─────────── 9/97 24.7it/s 0.1s<3.6s
[K[34m[1mtrain: [0mScanning C:\Users\muzam\OneDrive\Desktop\Programming\SurveilX\data\runs\yolo-rai-pennfudan-v1\dataset\labels\train... 20 images, 0 backgrounds, 0 corrupt: 20% ━━────────── 20/97 46.0it/s 0.2s<1.7s
[K[34m[1mtrain: [0mScanning C:\Users\muzam\OneDrive\Desktop\Programming\SurveilX\data\runs\yolo-rai-pennfudan-v1\dataset\labels\train... 33 images, 0 backgrounds, 0 corrupt: 34% ━━━━──────── 33/97 71.1it/s 0.3s<0.9s
[K[34m[1mtrain: [0mScanning C:\Users\muzam\OneDrive\Desktop\Programming\SurveilX\data\runs\yolo-rai-pennfudan-v1\dataset\labels\train... 43 images, 0 backgrounds, 0 corrupt: 44% ━━━━━─────── 43/97 75.2it/s 0.4s<0.7s
[K[34m[1mtrain: [0mScanning C:\Users\muzam\OneDrive\Desktop\Programming\SurveilX\data\runs\yolo-rai-pennfudan-v1\dataset\labels\train... 59 images, 0 backgrounds, 0 corrupt: 60% ━━━━━━━───── 59/97 95.2it/s 0.6s<0.4s
[K[34m[1mtrain: [0mScanning C:\Users\muzam\OneDrive\Desktop\Programming\SurveilX\data\runs\yolo-rai-pennfudan-v1\dataset\labels\train... 73 images, 0 backgrounds, 0 corrupt: 75% ━━━━━━━━━─── 73/97 104.1it/s 0.7s<0.2s
[K[34m[1mtrain: [0mScanning C:\Users\muzam\OneDrive\Desktop\Programming\SurveilX\data\runs\yolo-rai-pennfudan-v1\dataset\labels\train... 85 images, 0 backgrounds, 0 corrupt: 87% ━━━━━━━━━━╸─ 85/97 105.8it/s 0.8s<0.1s
[K[34m[1mtrain: [0mScanning C:\Users\muzam\OneDrive\Desktop\Programming\SurveilX\data\runs\yolo-rai-pennfudan-v1\dataset\labels\train... 97 images, 0 backgrounds, 0 corrupt: 100% ━━━━━━━━━━━━ 97/97 114.2it/s 0.8s
[34m[1mtrain: [0mNew cache created: C:\Users\muzam\OneDrive\Desktop\Programming\SurveilX\data\runs\yolo-rai-pennfudan-v1\dataset\labels\train.cache
WARNING [34m[1mval: [0mSlow image access detected (ping: 0.10.0 ms, read: 15.16.2 MB/s, size: 340.2 KB). Use local storage instead of remote/mounted storage for better performance. See https://docs.ultralytics.com/guides/model-training-tips

[K[34m[1mval: [0mScanning C:\Users\muzam\OneDrive\Desktop\Programming\SurveilX\data\runs\yolo-rai-pennfudan-v1\dataset\labels\validation... 10 images, 0 backgrounds, 0 corrupt: 43% ━━━━━─────── 10/23 27.0it/s 0.1s<0.5s
[K[34m[1mval: [0mScanning C:\Users\muzam\OneDrive\Desktop\Programming\SurveilX\data\runs\yolo-rai-pennfudan-v1\dataset\labels\validation... 20 images, 0 backgrounds, 0 corrupt: 86% ━━━━━━━━━━── 20/23 48.4it/s 0.2s<0.1s
[K[34m[1mval: [0mScanning C:\Users\muzam\OneDrive\Desktop\Programming\SurveilX\data\runs\yolo-rai-pennfudan-v1\dataset\labels\validation... 23 images, 0 backgrounds, 0 corrupt: 100% ━━━━━━━━━━━━ 23/23 103.9it/s 0.2s
[34m[1mval: [0mNew cache created: C:\Users\muzam\OneDrive\Desktop\Programming\SurveilX\data\runs\yolo-rai-pennfudan-v1\dataset\labels\validation.cache
[34m[1moptimizer:[0m 'optimizer=auto' found, ignoring 'lr0=0.01' and 'momentum=0.937' and determining best 'optimizer', 'lr0' and 'momentum' automatically... 
[34m[1moptimizer:[0m AdamW(lr=0.002, momentum=0.9) with parameter groups 81 weight(decay=0.0), 103 weight(decay=0.0005), 102 bias(decay=0.0)
Using 97 train, 23 val images for fraction=1.0 at imgsz=256
Using 0 dataloader workers
Logging results to [1mC:\Users\muzam\OneDrive\Desktop\Programming\SurveilX\data\runs\yolo-rai-pennfudan-v1\fit[0m
Starting training for 5 epochs...

      Epoch    GPU_mem   box_loss   cls_loss   dfl_loss  Instances       Size

[K        1/5         0G     0.9486      3.028      1.075         21        256: 0% ──────────── 0/13  4.1s
[K        1/5         0G      1.039      2.991      1.161         18        256: 7% ╸─────────── 1/13 7.9s/it 6.5s<1:35
[K        1/5         0G      1.192      3.002      1.199         26        256: 15% ━╸────────── 2/13 5.4s/it 9.6s<59.8s
[K        1/5         0G      1.188      3.007      1.222         25        256: 23% ━━╸───────── 3/13 4.9s/it 13.6s<48.8s
[K        1/5         0G      1.119      2.998      1.201         20        256: 30% ━━━╸──────── 4/13 4.5s/it 17.3s<40.3s
[K        1/5         0G      1.116       2.98      1.181         24        256: 38% ━━━━╸─────── 5/13 4.2s/it 21.1s<33.9s
[K        1/5         0G      1.083      2.962      1.154         19        256: 46% ━━━━━╸────── 6/13 3.7s/it 23.9s<25.9s
[K        1/5         0G      1.075      2.926      1.137         14        256: 53% ━━━━━━────── 7/13 3.3s/it 26.7s<20.1s
[K        1/5         0G      1.064      2.905      1.127         23        256: 61% ━━━━━━━───── 8/13 3.1s/it 29.2s<15.4s
[K        1/5         0G      1.038      2.875      1.118         19        256: 69% ━━━━━━━━──── 9/13 2.9s/it 31.9s<11.7s
[K        1/5         0G      1.047      2.839      1.113         13        256: 76% ━━━━━━━━━─── 10/13 2.7s/it 34.3s<8.2s
[K        1/5         0G      1.032      2.801        1.1         14        256: 84% ━━━━━━━━━━── 11/13 2.9s/it 37.5s<5.7s
[K        1/5         0G      1.105      2.801       1.16          4        256: 92% ━━━━━━━━━━━─ 12/13 2.0s/it 38.6s<2.0s
[K        1/5         0G      1.105      2.801       1.16          4        256: 100% ━━━━━━━━━━━━ 13/13 3.0s/it 38.6s

[K                 Class     Images  Instances      Box(P          R      mAP50  mAP50-95): 50% ━━━━━━────── 1/2 9.5s/it 2.8s<9.5s
[K                 Class     Images  Instances      Box(P          R      mAP50  mAP50-95): 100% ━━━━━━━━━━━━ 2/2 2.2s/it 4.4s
                   all         23         59     0.0257          1      0.438      0.244

      Epoch    GPU_mem   box_loss   cls_loss   dfl_loss  Instances       Size

[K        2/5         0G      1.221      2.351      1.055         19        256: 0% ──────────── 0/13  2.5s
[K        2/5         0G      1.135      2.389      1.067         20        256: 7% ╸─────────── 1/13 7.5s/it 4.8s<1:31
[K        2/5         0G      1.064      2.379      1.044         20        256: 15% ━╸────────── 2/13 4.7s/it 7.3s<51.7s
[K        2/5         0G      1.071      2.351      1.057         22        256: 23% ━━╸───────── 3/13 3.5s/it 9.4s<34.6s
[K        2/5         0G       1.09      2.309       1.07         18        256: 30% ━━━╸──────── 4/13 2.9s/it 11.6s<26.3s
[K        2/5         0G       1.13      2.277      1.099         22        256: 38% ━━━━╸─────── 5/13 2.7s/it 13.8s<21.3s
[K        2/5         0G      1.102      2.258      1.078         18        256: 46% ━━━━━╸────── 6/13 2.6s/it 16.1s<17.9s
[K        2/5         0G       1.11      2.227      1.083         26        256: 53% ━━━━━━────── 7/13 2.4s/it 18.2s<14.4s
[K        2/5         0G      1.098      2.207      1.083         21        256: 61% ━━━━━━━───── 8/13 2.3s/it 20.4s<11.7s
[K        2/5         0G      1.078      2.183      1.073         14        256: 69% ━━━━━━━━──── 9/13 2.3s/it 22.7s<9.3s
[K        2/5         0G      1.078      2.147      1.079         20        256: 76% ━━━━━━━━━─── 10/13 2.4s/it 25.2s<7.1s
[K        2/5         0G      1.104      2.123      1.084         21        256: 84% ━━━━━━━━━━── 11/13 2.6s/it 28.8s<5.3s
[K        2/5         0G      1.071      2.075      1.061          1        256: 92% ━━━━━━━━━━━─ 12/13 1.4s/it 29.4s<1.4s
[K        2/5         0G      1.071      2.075      1.061          1        256: 100% ━━━━━━━━━━━━ 13/13 2.3s/it 29.4s

[K                 Class     Images  Instances      Box(P          R      mAP50  mAP50-95): 50% ━━━━━━────── 1/2 6.9s/it 2.1s<6.9s
[K                 Class     Images  Instances      Box(P          R      mAP50  mAP50-95): 100% ━━━━━━━━━━━━ 2/2 1.6s/it 3.1s
                   all         23         59     0.0257          1       0.49      0.293

      Epoch    GPU_mem   box_loss   cls_loss   dfl_loss  Instances       Size

[K        3/5         0G          1      1.625      1.011         15        256: 0% ──────────── 0/13  1.9s
[K        3/5         0G      1.027      1.666      1.059         23        256: 7% ╸─────────── 1/13 7.5s/it 4.1s<1:30
[K        3/5         0G      1.097      1.726      1.123         23        256: 15% ━╸────────── 2/13 4.4s/it 6.4s<48.9s
[K        3/5         0G      1.113      1.694      1.113         21        256: 23% ━━╸───────── 3/13 3.3s/it 8.4s<32.6s
[K        3/5         0G      1.141      1.686      1.122         23        256: 30% ━━━╸──────── 4/13 2.9s/it 10.7s<25.8s
[K        3/5         0G      1.181      1.659       1.12         22        256: 38% ━━━━╸─────── 5/13 2.7s/it 12.9s<21.3s
[K        3/5         0G      1.162      1.601       1.11         14        256: 46% ━━━━━╸────── 6/13 2.7s/it 15.6s<18.6s
[K        3/5         0G      1.145      1.589      1.109         26        256: 53% ━━━━━━────── 7/13 2.5s/it 17.8s<14.9s
[K        3/5         0G      1.136      1.544      1.099         18        256: 61% ━━━━━━━───── 8/13 2.4s/it 20.0s<12.0s
[K        3/5         0G      1.124      1.531      1.093         15        256: 69% ━━━━━━━━──── 9/13 2.3s/it 22.0s<9.2s
[K        3/5         0G      1.119       1.53      1.092         12        256: 76% ━━━━━━━━━─── 10/13 2.2s/it 24.1s<6.6s
[K        3/5         0G      1.118      1.536      1.098         28        256: 84% ━━━━━━━━━━── 11/13 2.4s/it 26.9s<4.7s
[K        3/5         0G      1.113      1.507      1.098          2        256: 92% ━━━━━━━━━━━─ 12/13 1.8s/it 28.1s<1.8s
[K        3/5         0G      1.113      1.507      1.098          2        256: 100% ━━━━━━━━━━━━ 13/13 2.2s/it 28.1s

[K                 Class     Images  Instances      Box(P          R      mAP50  mAP50-95): 50% ━━━━━━────── 1/2 7.6s/it 2.3s<7.6s
[K                 Class     Images  Instances      Box(P          R      mAP50  mAP50-95): 100% ━━━━━━━━━━━━ 2/2 1.5s/it 3.1s
                   all         23         59          1     0.0927      0.621      0.378

      Epoch    GPU_mem   box_loss   cls_loss   dfl_loss  Instances       Size

[K        4/5         0G      1.249      1.385      1.199         22        256: 0% ──────────── 0/13  1.7s
[K        4/5         0G      1.177      1.277      1.116         19        256: 7% ╸─────────── 1/13 7.3s/it 3.9s<1:28
[K        4/5         0G       1.16      1.262      1.156         22        256: 15% ━╸────────── 2/13 4.4s/it 6.2s<48.4s
[K        4/5         0G      1.182      1.277      1.177         16        256: 23% ━━╸───────── 3/13 3.6s/it 8.6s<35.7s
[K        4/5         0G      1.198      1.312      1.183         23        256: 30% ━━━╸──────── 4/13 3.2s/it 11.2s<28.6s
[K        4/5         0G      1.183      1.314      1.184         18        256: 38% ━━━━╸─────── 5/13 2.8s/it 13.4s<22.5s
[K        4/5         0G      1.185      1.321      1.193         16        256: 46% ━━━━━╸────── 6/13 2.5s/it 15.4s<17.7s
[K        4/5         0G      1.197      1.312      1.203         24        256: 53% ━━━━━━────── 7/13 2.5s/it 18.0s<15.3s
[K        4/5         0G      1.172        1.3      1.202         19        256: 61% ━━━━━━━───── 8/13 2.4s/it 20.3s<12.2s
[K        4/5         0G      1.182      1.292      1.203         23        256: 69% ━━━━━━━━──── 9/13 2.3s/it 22.2s<9.1s
[K        4/5         0G      1.179      1.273      1.196         19        256: 76% ━━━━━━━━━─── 10/13 2.2s/it 24.3s<6.6s
[K        4/5         0G      1.164      1.259      1.194         20        256: 84% ━━━━━━━━━━── 11/13 2.0s/it 26.0s<4.1s
[K        4/5         0G      1.233      1.298      1.232          4        256: 92% ━━━━━━━━━━━─ 12/13 1.1s/it 26.5s<1.1s
[K        4/5         0G      1.233      1.298      1.232          4        256: 100% ━━━━━━━━━━━━ 13/13 2.0s/it 26.5s

[K                 Class     Images  Instances      Box(P          R      mAP50  mAP50-95): 50% ━━━━━━────── 1/2 5.6s/it 1.7s<5.6s
[K                 Class     Images  Instances      Box(P          R      mAP50  mAP50-95): 100% ━━━━━━━━━━━━ 2/2 1.3s/it 2.7s
                   all         23         59          1       0.15      0.766       0.49

      Epoch    GPU_mem   box_loss   cls_loss   dfl_loss  Instances       Size

[K        5/5         0G      1.188      1.643      1.327         14        256: 0% ──────────── 0/13  1.7s
[K        5/5         0G      1.129      1.451      1.259         26        256: 7% ╸─────────── 1/13 6.2s/it 3.5s<1:15
[K        5/5         0G      1.116      1.384      1.234         17        256: 15% ━╸────────── 2/13 3.8s/it 5.5s<41.3s
[K        5/5         0G      1.116      1.354      1.219         27        256: 23% ━━╸───────── 3/13 2.7s/it 7.1s<26.7s
[K        5/5         0G      1.165       1.31      1.192         18        256: 30% ━━━╸──────── 4/13 2.2s/it 8.7s<20.0s
[K        5/5         0G      1.155      1.274      1.177         26        256: 38% ━━━━╸─────── 5/13 2.0s/it 10.3s<15.9s
[K        5/5         0G      1.156      1.266      1.189         23        256: 46% ━━━━━╸────── 6/13 1.9s/it 11.9s<13.0s
[K        5/5         0G      1.153      1.243      1.188         18        256: 53% ━━━━━━────── 7/13 1.9s/it 13.9s<11.4s
[K        5/5         0G       1.14      1.225      1.183         18        256: 61% ━━━━━━━───── 8/13 1.9s/it 15.9s<9.7s
[K        5/5         0G      1.141      1.234      1.189         23        256: 69% ━━━━━━━━──── 9/13 2.0s/it 18.1s<8.0s
[K        5/5         0G      1.142      1.234      1.182         19        256: 76% ━━━━━━━━━─── 10/13 2.1s/it 20.4s<6.2s
[K        5/5         0G      1.123      1.214      1.173         14        256: 84% ━━━━━━━━━━── 11/13 2.1s/it 22.4s<4.2s
[K        5/5         0G       1.12      1.314      1.175          1        256: 92% ━━━━━━━━━━━─ 12/13 1.1s/it 23.0s<1.1s
[K        5/5         0G       1.12      1.314      1.175          1        256: 100% ━━━━━━━━━━━━ 13/13 1.8s/it 23.0s

[K                 Class     Images  Instances      Box(P          R      mAP50  mAP50-95): 50% ━━━━━━────── 1/2 5.9s/it 1.8s<5.9s
[K                 Class     Images  Instances      Box(P          R      mAP50  mAP50-95): 100% ━━━━━━━━━━━━ 2/2 1.3s/it 2.7s
                   all         23         59          1      0.479      0.897      0.608

5 epochs completed in 0.048 hours.
Optimizer stripped from C:\Users\muzam\OneDrive\Desktop\Programming\SurveilX\data\runs\yolo-rai-pennfudan-v1\fit\weights\last.pt, 5.5MB
Optimizer stripped from C:\Users\muzam\OneDrive\Desktop\Programming\SurveilX\data\runs\yolo-rai-pennfudan-v1\fit\weights\best.pt, 5.5MB

Validating C:\Users\muzam\OneDrive\Desktop\Programming\SurveilX\data\runs\yolo-rai-pennfudan-v1\fit\weights\best.pt...
Ultralytics 8.4.163  Python-3.12.10 torch-2.14.0+cpu CPU (Intel Core i7-8850H 2.60GHz)
YOLO11n summary (fused): 124 layers, 2,613,102 parameters, 0 gradients, 6.4 GFLOPs

[K                 Class     Images  Instances      Box(P          R      mAP50  mAP50-95): 50% ━━━━━━────── 1/2 5.4s/it 1.6s<5.4s
[K                 Class     Images  Instances      Box(P          R      mAP50  mAP50-95): 100% ━━━━━━━━━━━━ 2/2 1.3s/it 2.5s
                   all         23         59          1      0.479      0.897      0.608
Speed: 0.9ms preprocess, 60.7ms inference, 0.0ms loss, 16.7ms postprocess per image
{
  "schema_version": 1,
  "task": "detection",
  "architecture": "yolo_rai",
  "name": "YOLO11n scene/zone adapter",
  "stage": "candidate",
  "classes": [
    "person"
  ],
  "domain": "pedestrian",
  "synthetic": false,
  "dataset_counts": {
    "train": 97,
    "validation": 23,
    "calibration": 16,
    "test": 28
  },
  "dataset_sha256": "8c32d21e21fe7945e4480d5a38d5110ae25ad338e60db50ca1a8bf6826a66d4c",
  "weights_sha256": "780fa43e17bd39f5cf62298999f7f94b909985e985a2a3343dea5feafac1a884",
  "config": {
    "image_size": 256,
    "epochs": 5,
    "batch_size": 8,
    "seed": 42,
    "base": "yolo11n.pt"
  },
  "calibration": {
    "temperature": 0.5467799543793053,
    "bias": 6.0,
    "threshold": 0.13405404177722333,
    "status": "fitted",
    "samples": 1600,
    "task": "detection_correctness_at_iou_0.50",
    "split": "calibration",
    "nll": 0.040389871723774284,
    "calibration_f1": 0.825
  },
  "calibrated": true,
  "metrics": {
    "map50": 0.8645020364793782,
    "precision": 0.8909090909090909,
    "recall": 0.8448275862068966,
    "f1": 0.8672566371681416,
    "true_positives": 49,
    "false_positives": 6,
    "false_negatives": 9,
    "ground_truth": 58,
    "score_threshold": 0.13405404177722333,
    "iou_threshold": 0.5,
    "per_class": [
      {
        "class_id": 0,
        "ground_truth": 58,
        "ap50": 0.8645020364793782
      }
    ],
    "ap_definition": "101-point interpolated precision at IoU 0.50, class-aware one-to-one matching"
  },
  "uncalibrated_metrics": {
    "map50": 0.8645020364793782,
    "precision": 1.0,
    "recall": 0.25862068965517243,
    "f1": 0.4109589041095891,
    "true_positives": 15,
    "false_positives": 0,
    "false_negatives": 43,
    "ground_truth": 58,
    "score_threshold": 0.25,
    "iou_threshold": 0.5,
    "per_class": [
      {
        "class_id": 0,
        "ground_truth": 58,
        "ap50": 0.8645020364793782
      }
    ],
    "ap_definition": "101-point interpolated precision at IoU 0.50, class-aware one-to-one matching"
  },
  "prediction_timing": [
    {
      "preprocess": 2.0123000012972625,
      "inference": 96.45060000002559,
      "postprocess": 7.778799999869079
    },
    {
      "preprocess": 1.9343000003573252,
      "inference": 100.08219999872381,
      "postprocess": 7.495599998947
    },
    {
      "preprocess": 1.8872000000556,
      "inference": 105.57619999963208,
      "postprocess": 8.215599998948164
    },
    {
      "preprocess": 3.7232999984553317,
      "inference": 120.56619999930263,
      "postprocess": 9.19160000012198
    },
    {
      "preprocess": 4.02110000140965,
      "inference": 109.27579999952286,
      "postprocess": 9.62480000089272
    },
    {
      "preprocess": 3.6288000010245014,
      "inference": 105.07829999914975,
      "postprocess": 9.12150000112888
    },
    {
      "preprocess": 1.7217999993590638,
      "inference": 98.98550000070827,
      "postprocess": 9.562100000039209
    },
    {
      "preprocess": 2.106100000673905,
      "inference": 104.2195999998512,
      "postprocess": 9.24220000160858
    },
    {
      "preprocess": 1.9616999998106621,
      "inference": 116.78810000012163,
      "postprocess": 8.930600000894628
    },
    {
      "preprocess": 3.534100000251783,
      "inference": 153.03030000177387,
      "postprocess": 12.380199999824981
    },
    {
      "preprocess": 2.2873999987496063,
      "inference": 119.89840000023833,
      "postprocess": 8.66160000077798
    },
    {
      "preprocess": 2.229700001407764,
      "inference": 114.66029999974126,
      "postprocess": 10.010899999542744
    },
    {
      "preprocess": 1.937299999553943,
      "inference": 127.42959999923187,
      "postprocess": 9.52300000062678
    },
    {
      "preprocess": 6.001299998388276,
      "inference": 133.95069999933185,
      "postprocess": 9.38500000120257
    },
    {
      "preprocess": 2.922400000898051,
      "inference": 121.71029999990424,
      "postprocess": 9.76249999985157
    },
    {
      "preprocess": 2.6349999989179196,
      "inference": 125.7065000008879,
      "postprocess": 9.15559999884863
    },
    {
      "preprocess": 2.378600000156439,
      "inference": 99.17339999992691,
      "postprocess": 8.807999998680316
    },
    {
      "preprocess": 2.6128999998036306,
      "inference": 125.51200000052631,
      "postprocess": 8.246299999882467
    },
    {
      "preprocess": 1.866300000983756,
      "inference": 138.50679999995918,
      "postprocess": 9.280999998736661
    },
    {
      "preprocess": 2.5605999999243068,
      "inference": 110.82870000063849,
      "postprocess": 10.92620000054012
    },
    {
      "preprocess": 3.394900000785128,
      "inference": 171.3156000005256,
      "postprocess": 9.112499999901047
    },
    {
      "preprocess": 1.8764999986160547,
      "inference": 97.02710000055959,
      "postprocess": 8.253300000433228
    },
    {
      "preprocess": 2.1219000009295996,
      "inference": 117.74370000057388,
      "postprocess": 10.424100000818726
    },
    {
      "preprocess": 1.8906999994214857,
      "inference": 105.80599999957485,
      "postprocess": 9.811799998715287
    },
    {
      "preprocess": 3.6421999993763166,
      "inference": 117.76500000087253,
      "postprocess": 9.216300000844058
    },
    {
      "preprocess": 2.07100000079663,
      "inference": 96.43959999993967,
      "postprocess": 8.66429999950924
    },
    {
      "preprocess": 2.634599999510101,
      "inference": 102.48460000002524,
      "postprocess": 9.219199999279226
    },
    {
      "preprocess": 2.328099999431288,
      "inference": 115.55730000145559,
      "postprocess": 8.219600000302307
    }
  ],
  "device": "cpu",
  "parameters": 2620790,
  "duration_seconds": 229.1607657000004,
  "deployment_eligible": false,
  "license": "Ultralytics AGPL-3.0 / Enterprise terms; dataset retains its own terms",
  "context_supervision": "neutral context only; context training not implemented for YOLO batches",
  "gate_reason": "Experimental candidate; independent domain and hardware acceptance required",
  "outperforms_yolo": "not established"
}
