New https://pypi.org/project/ultralytics/8.4.164 available  Update with 'pip install -U ultralytics'
Ultralytics 8.4.163  Python-3.12.10 torch-2.14.0+cpu CPU (Intel Core i7-8850H 2.60GHz)
[34m[1mengine\trainer: [0magnostic_nms=False, amp=False, angle=1.0, augment=False, auto_augment=randaugment, batch=8, bgr=0.0, box=7.5, cache=False, cfg=None, channels_last=None, classes=None, close_mosaic=0, cls=0.5, cls_pw=0.0, cls_remap=True, compile=False, conf=None, copy_paste=0.0, copy_paste_mode=flip, cos_lr=False, cutmix=0.0, data=C:\Users\muzam\OneDrive\Desktop\Programming\SurveilX\data\runs\yolo-baseline-pennfudan-v1\dataset\dataset.yaml, degrees=0.0, deterministic=True, device=cpu, dfl=1.5, dgrad=0.5, dis=6.0, distill_model=None, dlam=1.0, dlog=1.0, dnn=False, dropout=0.0, dynamic=False, embed=None, epochs=5, erasing=0.4, exist_ok=True, fliplr=0.5, flipud=0.0, format=torchscript, fraction=1.0, freeze=None, hsv_h=0.015, hsv_s=0.7, hsv_v=0.4, imgsz=256, iou=0.7, keras=False, kobj=1.0, line_width=None, lr0=0.01, lrf=0.01, mask_ratio=4, max_det=100, mixup=0.0, mode=train, model=yolo11n.pt, momentum=0.937, mosaic=0, multi_scale=0.0, name=fit, nbs=64, nms=None, opset=None, optimize=False, optimizer=auto, overlap_mask=True, patience=5, perspective=0.0, plots=False, pose=12.0, pretrained=True, profile=False, project=C:\Users\muzam\OneDrive\Desktop\Programming\SurveilX\data\runs\yolo-baseline-pennfudan-v1, quantize=None, rect=False, resume=False, retina_masks=False, rle=1.0, save=True, save_conf=False, save_crop=False, save_dir=C:\Users\muzam\OneDrive\Desktop\Programming\SurveilX\data\runs\yolo-baseline-pennfudan-v1\fit, save_frames=False, save_json=False, save_period=-1, save_txt=False, scale=0.5, seed=42, shear=0.0, show=False, show_boxes=True, show_conf=True, show_labels=True, simplify=True, single_cls=False, source=None, split=val, stream_buffer=False, task=detect, time=None, tracker=tracktrack.yaml, translate=0.1, val=True, verbose=False, vid_stride=1, visualize=False, warmup_bias_lr=0.1, warmup_epochs=3.0, warmup_momentum=0.8, weight_decay=0.0005, workers=0, workspace=None
Overriding model.yaml nc=80 with nc=1

                   from  n    params  module                                       arguments                     
  0                  -1  1       464  ultralytics.nn.modules.conv.Conv             [3, 16, 3, 2]                 
  1                  -1  1      4672  ultralytics.nn.modules.conv.Conv             [16, 32, 3, 2]                
  2                  -1  1      6640  ultralytics.nn.modules.block.C3k2            [32, 64, 1, False, 0.25]      
  3                  -1  1     36992  ultralytics.nn.modules.conv.Conv             [64, 64, 3, 2]                
  4                  -1  1     26080  ultralytics.nn.modules.block.C3k2            [64, 128, 1, False, 0.25]     
  5                  -1  1    147712  ultralytics.nn.modules.conv.Conv             [128, 128, 3, 2]              
  6                  -1  1     87040  ultralytics.nn.modules.block.C3k2            [128, 128, 1, True]           
  7                  -1  1    295424  ultralytics.nn.modules.conv.Conv             [128, 256, 3, 2]              
  8                  -1  1    346112  ultralytics.nn.modules.block.C3k2            [256, 256, 1, True]           
  9                  -1  1    164608  ultralytics.nn.modules.block.SPPF            [256, 256, 5]                 
 10                  -1  1    249728  ultralytics.nn.modules.block.C2PSA           [256, 256, 1]                 
 11                  -1  1         0  torch.nn.modules.upsampling.Upsample         [None, 2, 'nearest']          
 12             [-1, 6]  1         0  ultralytics.nn.modules.conv.Concat           [1]                           
 13                  -1  1    111296  ultralytics.nn.modules.block.C3k2            [384, 128, 1, False]          
 14                  -1  1         0  torch.nn.modules.upsampling.Upsample         [None, 2, 'nearest']          
 15             [-1, 4]  1         0  ultralytics.nn.modules.conv.Concat           [1]                           
 16                  -1  1     32096  ultralytics.nn.modules.block.C3k2            [256, 64, 1, False]           
 17                  -1  1     36992  ultralytics.nn.modules.conv.Conv             [64, 64, 3, 2]                
 18            [-1, 13]  1         0  ultralytics.nn.modules.conv.Concat           [1]                           
 19                  -1  1     86720  ultralytics.nn.modules.block.C3k2            [192, 128, 1, False]          
 20                  -1  1    147712  ultralytics.nn.modules.conv.Conv             [128, 128, 3, 2]              
 21            [-1, 10]  1         0  ultralytics.nn.modules.conv.Concat           [1]                           
 22                  -1  1    378880  ultralytics.nn.modules.block.C3k2            [384, 256, 1, True]           
 23        [16, 19, 22]  1    430867  ultralytics.nn.modules.head.Detect           [1, 16, None, [64, 128, 256]] 
YOLO11n summary: 181 layers, 2,590,035 parameters, 2,590,019 gradients, 6.5 GFLOPs

Remapped 1/1 cls head rows from pretrained weights by class name
Transferred 451/499 items from pretrained weights
Freezing layer 'model.23.dfl.conv.weight'
WARNING [34m[1mtrain: [0mSlow image access detected (ping: 0.10.1 ms, read: 16.79.7 MB/s, size: 363.8 KB). Use local storage instead of remote/mounted storage for better performance. See https://docs.ultralytics.com/guides/model-training-tips

[K[34m[1mtrain: [0mScanning C:\Users\muzam\OneDrive\Desktop\Programming\SurveilX\data\runs\yolo-baseline-pennfudan-v1\dataset\labels\train... 12 images, 0 backgrounds, 0 corrupt: 12% ━─────────── 12/97 29.1it/s 0.1s<2.9s
[K[34m[1mtrain: [0mScanning C:\Users\muzam\OneDrive\Desktop\Programming\SurveilX\data\runs\yolo-baseline-pennfudan-v1\dataset\labels\train... 31 images, 0 backgrounds, 0 corrupt: 31% ━━━╸──────── 31/97 71.5it/s 0.2s<0.9s
[K[34m[1mtrain: [0mScanning C:\Users\muzam\OneDrive\Desktop\Programming\SurveilX\data\runs\yolo-baseline-pennfudan-v1\dataset\labels\train... 52 images, 0 backgrounds, 0 corrupt: 53% ━━━━━━────── 52/97 107.2it/s 0.3s<0.4s
[K[34m[1mtrain: [0mScanning C:\Users\muzam\OneDrive\Desktop\Programming\SurveilX\data\runs\yolo-baseline-pennfudan-v1\dataset\labels\train... 70 images, 0 backgrounds, 0 corrupt: 72% ━━━━━━━━╸─── 70/97 126.6it/s 0.5s<0.2s
[K[34m[1mtrain: [0mScanning C:\Users\muzam\OneDrive\Desktop\Programming\SurveilX\data\runs\yolo-baseline-pennfudan-v1\dataset\labels\train... 91 images, 0 backgrounds, 0 corrupt: 93% ━━━━━━━━━━━─ 91/97 147.4it/s 0.6s<0.0s
[K[34m[1mtrain: [0mScanning C:\Users\muzam\OneDrive\Desktop\Programming\SurveilX\data\runs\yolo-baseline-pennfudan-v1\dataset\labels\train... 97 images, 0 backgrounds, 0 corrupt: 100% ━━━━━━━━━━━━ 97/97 171.0it/s 0.6s
[34m[1mtrain: [0mNew cache created: C:\Users\muzam\OneDrive\Desktop\Programming\SurveilX\data\runs\yolo-baseline-pennfudan-v1\dataset\labels\train.cache
WARNING [34m[1mval: [0mSlow image access detected (ping: 0.10.0 ms, read: 19.98.7 MB/s, size: 340.2 KB). Use local storage instead of remote/mounted storage for better performance. See https://docs.ultralytics.com/guides/model-training-tips

[K[34m[1mval: [0mScanning C:\Users\muzam\OneDrive\Desktop\Programming\SurveilX\data\runs\yolo-baseline-pennfudan-v1\dataset\labels\validation... 12 images, 0 backgrounds, 0 corrupt: 52% ━━━━━━────── 12/23 35.3it/s 0.1s<0.3s
[K[34m[1mval: [0mScanning C:\Users\muzam\OneDrive\Desktop\Programming\SurveilX\data\runs\yolo-baseline-pennfudan-v1\dataset\labels\validation... 23 images, 0 backgrounds, 0 corrupt: 100% ━━━━━━━━━━━━ 23/23 188.8it/s 0.1s
[34m[1mval: [0mNew cache created: C:\Users\muzam\OneDrive\Desktop\Programming\SurveilX\data\runs\yolo-baseline-pennfudan-v1\dataset\labels\validation.cache
[34m[1moptimizer:[0m 'optimizer=auto' found, ignoring 'lr0=0.01' and 'momentum=0.937' and determining best 'optimizer', 'lr0' and 'momentum' automatically... 
[34m[1moptimizer:[0m AdamW(lr=0.002, momentum=0.9) with parameter groups 81 weight(decay=0.0), 88 weight(decay=0.0005), 87 bias(decay=0.0)
Using 97 train, 23 val images for fraction=1.0 at imgsz=256
Using 0 dataloader workers
Logging results to [1mC:\Users\muzam\OneDrive\Desktop\Programming\SurveilX\data\runs\yolo-baseline-pennfudan-v1\fit[0m
Starting training for 5 epochs...

      Epoch    GPU_mem   box_loss   cls_loss   dfl_loss  Instances       Size

[K        1/5         0G     0.9486      3.028      1.075         21        256: 0% ──────────── 0/13  2.9s
[K        1/5         0G      1.039      2.991      1.161         18        256: 7% ╸─────────── 1/13 5.4s/it 4.5s<1:05
[K        1/5         0G      1.192      3.002      1.199         26        256: 15% ━╸────────── 2/13 3.0s/it 6.0s<33.3s
[K        1/5         0G      1.188      3.007      1.222         25        256: 23% ━━╸───────── 3/13 2.0s/it 7.2s<20.4s
[K        1/5         0G      1.119      2.998      1.201         20        256: 30% ━━━╸──────── 4/13 1.7s/it 8.4s<15.3s
[K        1/5         0G      1.116       2.98      1.182         24        256: 38% ━━━━╸─────── 5/13 1.5s/it 9.5s<11.7s
[K        1/5         0G      1.083      2.962      1.154         19        256: 46% ━━━━━╸────── 6/13 1.4s/it 10.9s<10.1s
[K        1/5         0G      1.075      2.926      1.137         14        256: 53% ━━━━━━────── 7/13 1.3s/it 11.9s<7.7s
[K        1/5         0G      1.064      2.905      1.127         23        256: 61% ━━━━━━━───── 8/13 1.3s/it 13.1s<6.3s
[K        1/5         0G      1.038      2.875      1.118         19        256: 69% ━━━━━━━━──── 9/13 1.2s/it 14.2s<4.8s
[K        1/5         0G      1.047      2.839      1.113         13        256: 76% ━━━━━━━━━─── 10/13 1.1s/it 15.2s<3.4s
[K        1/5         0G      1.032      2.801        1.1         14        256: 84% ━━━━━━━━━━── 11/13 1.2s/it 16.6s<2.4s
[K        1/5         0G      1.109      2.802      1.161          4        256: 92% ━━━━━━━━━━━─ 12/13 1.3it/s 17.1s<0.8s
[K        1/5         0G      1.109      2.802      1.161          4        256: 100% ━━━━━━━━━━━━ 13/13 1.3s/it 17.1s

[K                 Class     Images  Instances      Box(P          R      mAP50  mAP50-95): 50% ━━━━━━────── 1/2 5.1s/it 1.5s<5.1s
[K                 Class     Images  Instances      Box(P          R      mAP50  mAP50-95): 100% ━━━━━━━━━━━━ 2/2 1.2s/it 2.4s
                   all         23         59     0.0257          1       0.48      0.258

      Epoch    GPU_mem   box_loss   cls_loss   dfl_loss  Instances       Size

[K        2/5         0G      1.204      2.345      1.051         19        256: 0% ──────────── 0/13  1.1s
[K        2/5         0G      1.137      2.387      1.068         20        256: 7% ╸─────────── 1/13 4.4s/it 2.4s<52.8s
[K        2/5         0G      1.066      2.376      1.045         20        256: 15% ━╸────────── 2/13 3.3s/it 4.5s<36.5s
[K        2/5         0G      1.072      2.348      1.057         22        256: 23% ━━╸───────── 3/13 2.6s/it 6.2s<26.1s
[K        2/5         0G      1.091      2.306      1.072         18        256: 30% ━━━╸──────── 4/13 2.1s/it 7.6s<18.5s
[K        2/5         0G      1.131      2.275      1.099         22        256: 38% ━━━━╸─────── 5/13 1.8s/it 9.1s<14.7s
[K        2/5         0G        1.1      2.257      1.077         18        256: 46% ━━━━━╸────── 6/13 1.7s/it 10.5s<11.8s
[K        2/5         0G      1.112      2.227      1.083         26        256: 53% ━━━━━━────── 7/13 1.4s/it 11.6s<8.7s
[K        2/5         0G      1.101      2.205      1.081         21        256: 61% ━━━━━━━───── 8/13 1.3s/it 12.7s<6.7s
[K        2/5         0G      1.082       2.18      1.072         14        256: 69% ━━━━━━━━──── 9/13 1.3s/it 13.9s<5.2s
[K        2/5         0G      1.084      2.145      1.078         20        256: 76% ━━━━━━━━━─── 10/13 1.3s/it 15.1s<3.8s
[K        2/5         0G       1.11      2.122      1.085         21        256: 84% ━━━━━━━━━━── 11/13 1.3s/it 16.7s<2.7s
[K        2/5         0G      1.079      2.066      1.064          1        256: 92% ━━━━━━━━━━━─ 12/13 1.3it/s 17.1s<0.8s
[K        2/5         0G      1.079      2.066      1.064          1        256: 100% ━━━━━━━━━━━━ 13/13 1.3s/it 17.1s

[K                 Class     Images  Instances      Box(P          R      mAP50  mAP50-95): 50% ━━━━━━────── 1/2 4.9s/it 1.5s<4.9s
[K                 Class     Images  Instances      Box(P          R      mAP50  mAP50-95): 100% ━━━━━━━━━━━━ 2/2 1.1s/it 2.1s
                   all         23         59     0.0257          1      0.482      0.302

      Epoch    GPU_mem   box_loss   cls_loss   dfl_loss  Instances       Size

[K        3/5         0G      1.068      1.639      1.044         15        256: 0% ──────────── 0/13  0.9s
[K        3/5         0G      1.076      1.675      1.081         23        256: 7% ╸─────────── 1/13 3.2s/it 1.9s<38.4s
[K        3/5         0G      1.139      1.726      1.144         23        256: 15% ━╸────────── 2/13 1.9s/it 2.8s<20.8s
[K        3/5         0G      1.147       1.69       1.13         21        256: 23% ━━╸───────── 3/13 1.5s/it 3.9s<15.4s
[K        3/5         0G      1.175      1.679      1.139         23        256: 30% ━━━╸──────── 4/13 1.5s/it 5.2s<13.2s
[K        3/5         0G      1.217      1.657      1.137         22        256: 38% ━━━━╸─────── 5/13 1.4s/it 6.4s<11.0s
[K        3/5         0G      1.198      1.603      1.122         14        256: 46% ━━━━━╸────── 6/13 1.4s/it 7.8s<9.6s
[K        3/5         0G      1.182      1.595      1.124         26        256: 53% ━━━━━━────── 7/13 1.5s/it 9.7s<9.0s
[K        3/5         0G      1.171      1.547      1.114         18        256: 61% ━━━━━━━───── 8/13 1.4s/it 11.0s<7.1s
[K        3/5         0G      1.153      1.538      1.108         15        256: 69% ━━━━━━━━──── 9/13 1.5s/it 12.6s<5.9s
[K        3/5         0G      1.145      1.538      1.107         12        256: 76% ━━━━━━━━━─── 10/13 1.5s/it 14.1s<4.5s
[K        3/5         0G      1.144      1.545      1.112         28        256: 84% ━━━━━━━━━━── 11/13 1.4s/it 15.4s<2.9s
[K        3/5         0G      1.124      1.516      1.103          2        256: 92% ━━━━━━━━━━━─ 12/13 1.0it/s 16.0s<1.0s
[K        3/5         0G      1.124      1.516      1.103          2        256: 100% ━━━━━━━━━━━━ 13/13 1.2s/it 16.0s

[K                 Class     Images  Instances      Box(P          R      mAP50  mAP50-95): 50% ━━━━━━────── 1/2 4.6s/it 1.4s<4.6s
[K                 Class     Images  Instances      Box(P          R      mAP50  mAP50-95): 100% ━━━━━━━━━━━━ 2/2 1.0s/it 2.1s
                   all         23         59          1      0.173       0.53      0.322

      Epoch    GPU_mem   box_loss   cls_loss   dfl_loss  Instances       Size

[K        4/5         0G      1.283      1.322      1.225         22        256: 0% ──────────── 0/13  1.1s
[K        4/5         0G      1.187      1.247      1.118         19        256: 7% ╸─────────── 1/13 4.4s/it 2.5s<53.1s
[K        4/5         0G      1.172      1.252      1.147         22        256: 15% ━╸────────── 2/13 2.7s/it 3.8s<29.2s
[K        4/5         0G      1.194      1.269      1.168         16        256: 23% ━━╸───────── 3/13 2.4s/it 5.7s<23.7s
[K        4/5         0G      1.221      1.294      1.178         23        256: 30% ━━━╸──────── 4/13 2.1s/it 7.4s<18.8s
[K        4/5         0G       1.19      1.291      1.174         18        256: 38% ━━━━╸─────── 5/13 2.0s/it 9.1s<15.7s
[K        4/5         0G      1.198      1.308      1.183         16        256: 46% ━━━━━╸────── 6/13 1.8s/it 10.6s<12.6s
[K        4/5         0G      1.195      1.297      1.185         24        256: 53% ━━━━━━────── 7/13 1.7s/it 12.0s<10.0s
[K        4/5         0G      1.175      1.288      1.185         19        256: 61% ━━━━━━━───── 8/13 1.5s/it 13.2s<7.5s
[K        4/5         0G      1.186       1.28      1.193         23        256: 69% ━━━━━━━━──── 9/13 1.4s/it 14.5s<5.6s
[K        4/5         0G      1.184       1.26      1.185         19        256: 76% ━━━━━━━━━─── 10/13 1.4s/it 15.8s<4.1s
[K        4/5         0G      1.168       1.25      1.182         20        256: 84% ━━━━━━━━━━── 11/13 1.4s/it 17.2s<2.8s
[K        4/5         0G      1.241      1.277      1.218          4        256: 92% ━━━━━━━━━━━─ 12/13 1.2it/s 17.6s<0.8s
[K        4/5         0G      1.241      1.277      1.218          4        256: 100% ━━━━━━━━━━━━ 13/13 1.4s/it 17.6s

[K                 Class     Images  Instances      Box(P          R      mAP50  mAP50-95): 50% ━━━━━━────── 1/2 4.5s/it 1.3s<4.5s
[K                 Class     Images  Instances      Box(P          R      mAP50  mAP50-95): 100% ━━━━━━━━━━━━ 2/2 1.0it/s 2.0s
                   all         23         59          1      0.231      0.673      0.426

      Epoch    GPU_mem   box_loss   cls_loss   dfl_loss  Instances       Size

[K        5/5         0G      1.277        1.6       1.31         14        256: 0% ──────────── 0/13  1.0s
[K        5/5         0G      1.161      1.424      1.231         26        256: 7% ╸─────────── 1/13 4.0s/it 2.2s<47.7s
[K        5/5         0G      1.152      1.395      1.221         17        256: 15% ━╸────────── 2/13 2.6s/it 3.7s<28.9s
[K        5/5         0G      1.144      1.362      1.211         27        256: 23% ━━╸───────── 3/13 2.0s/it 5.0s<20.2s
[K        5/5         0G      1.199      1.325      1.194         18        256: 30% ━━━╸──────── 4/13 1.7s/it 6.3s<15.4s
[K        5/5         0G      1.189      1.282      1.177         26        256: 38% ━━━━╸─────── 5/13 1.5s/it 7.5s<12.2s
[K        5/5         0G      1.176      1.266      1.184         23        256: 46% ━━━━━╸────── 6/13 1.5s/it 8.9s<10.6s
[K        5/5         0G      1.163      1.247      1.182         18        256: 53% ━━━━━━────── 7/13 1.4s/it 10.2s<8.6s
[K        5/5         0G      1.145      1.226      1.177         18        256: 61% ━━━━━━━───── 8/13 1.4s/it 11.5s<6.8s
[K        5/5         0G       1.14      1.233      1.183         23        256: 69% ━━━━━━━━──── 9/13 1.3s/it 12.8s<5.4s
[K        5/5         0G      1.137      1.232      1.172         19        256: 76% ━━━━━━━━━─── 10/13 1.4s/it 14.1s<4.1s
[K        5/5         0G      1.111      1.212      1.161         14        256: 84% ━━━━━━━━━━── 11/13 1.4s/it 15.6s<2.8s
[K        5/5         0G      1.122       1.32      1.163          1        256: 92% ━━━━━━━━━━━─ 12/13 1.1it/s 16.1s<0.9s
[K        5/5         0G      1.122       1.32      1.163          1        256: 100% ━━━━━━━━━━━━ 13/13 1.2s/it 16.1s

[K                 Class     Images  Instances      Box(P          R      mAP50  mAP50-95): 50% ━━━━━━────── 1/2 4.9s/it 1.5s<4.9s
[K                 Class     Images  Instances      Box(P          R      mAP50  mAP50-95): 100% ━━━━━━━━━━━━ 2/2 1.1s/it 2.2s
                   all         23         59          1      0.487      0.856      0.586

5 epochs completed in 0.028 hours.
Optimizer stripped from C:\Users\muzam\OneDrive\Desktop\Programming\SurveilX\data\runs\yolo-baseline-pennfudan-v1\fit\weights\last.pt, 5.4MB
Optimizer stripped from C:\Users\muzam\OneDrive\Desktop\Programming\SurveilX\data\runs\yolo-baseline-pennfudan-v1\fit\weights\best.pt, 5.4MB

Validating C:\Users\muzam\OneDrive\Desktop\Programming\SurveilX\data\runs\yolo-baseline-pennfudan-v1\fit\weights\best.pt...
Ultralytics 8.4.163  Python-3.12.10 torch-2.14.0+cpu CPU (Intel Core i7-8850H 2.60GHz)
YOLO11n summary (fused): 100 layers, 2,582,347 parameters, 0 gradients, 6.4 GFLOPs

[K                 Class     Images  Instances      Box(P          R      mAP50  mAP50-95): 50% ━━━━━━────── 1/2 3.9s/it 1.2s<3.9s
[K                 Class     Images  Instances      Box(P          R      mAP50  mAP50-95): 100% ━━━━━━━━━━━━ 2/2 1.1it/s 1.8s
                   all         23         59          1      0.487      0.856      0.586
Speed: 0.5ms preprocess, 37.8ms inference, 0.0ms loss, 14.4ms postprocess per image
{
  "schema_version": 1,
  "task": "detection",
  "architecture": "yolo_baseline",
  "name": "YOLO11n baseline",
  "stage": "candidate",
  "classes": [
    "person"
  ],
  "domain": "pedestrian",
  "synthetic": false,
  "dataset_counts": {
    "train": 97,
    "validation": 23,
    "calibration": 16,
    "test": 28
  },
  "dataset_sha256": "8c32d21e21fe7945e4480d5a38d5110ae25ad338e60db50ca1a8bf6826a66d4c",
  "weights_sha256": "c4e384d2b351bfca28397800db684fda595b94b90328e266b19b9b0c4bbd5a42",
  "config": {
    "image_size": 256,
    "epochs": 5,
    "batch_size": 8,
    "seed": 42,
    "base": "yolo11n.pt"
  },
  "calibration": {
    "temperature": 0.5467799543793053,
    "bias": 6.0,
    "threshold": 0.12496028608147194,
    "status": "fitted",
    "samples": 1600,
    "task": "detection_correctness_at_iou_0.50",
    "split": "calibration",
    "nll": 0.04587432769880292,
    "calibration_f1": 0.7816091954022989
  },
  "calibrated": true,
  "metrics": {
    "map50": 0.8492905949359332,
    "precision": 0.765625,
    "recall": 0.8448275862068966,
    "f1": 0.8032786885245901,
    "true_positives": 49,
    "false_positives": 15,
    "false_negatives": 9,
    "ground_truth": 58,
    "score_threshold": 0.12496028608147194,
    "iou_threshold": 0.5,
    "per_class": [
      {
        "class_id": 0,
        "ground_truth": 58,
        "ap50": 0.8492905949359332
      }
    ],
    "ap_definition": "101-point interpolated precision at IoU 0.50, class-aware one-to-one matching"
  },
  "uncalibrated_metrics": {
    "map50": 0.8492905949359332,
    "precision": 1.0,
    "recall": 0.5344827586206896,
    "f1": 0.6966292134831461,
    "true_positives": 31,
    "false_positives": 0,
    "false_negatives": 27,
    "ground_truth": 58,
    "score_threshold": 0.25,
    "iou_threshold": 0.5,
    "per_class": [
      {
        "class_id": 0,
        "ground_truth": 58,
        "ap50": 0.8492905949359332
      }
    ],
    "ap_definition": "101-point interpolated precision at IoU 0.50, class-aware one-to-one matching"
  },
  "prediction_timing": [
    {
      "preprocess": 2.075299998978153,
      "inference": 58.19349999910628,
      "postprocess": 6.850200001281337
    },
    {
      "preprocess": 1.6536000002815854,
      "inference": 57.82539999927394,
      "postprocess": 5.72459999966668
    },
    {
      "preprocess": 1.0153000002901535,
      "inference": 54.34670000067854,
      "postprocess": 6.350999999995111
    },
    {
      "preprocess": 1.0254999997414416,
      "inference": 59.3711000001349,
      "postprocess": 5.4078000011941185
    },
    {
      "preprocess": 1.4590999999199994,
      "inference": 54.654899999150075,
      "postprocess": 6.291600000622566
    },
    {
      "preprocess": 1.8476999994163634,
      "inference": 53.92609999944398,
      "postprocess": 5.586299999777111
    },
    {
      "preprocess": 1.1579999991226941,
      "inference": 56.275799999639275,
      "postprocess": 6.335199999739416
    },
    {
      "preprocess": 1.8894000004365807,
      "inference": 58.35789999946428,
      "postprocess": 6.206399999427958
    },
    {
      "preprocess": 1.5272999989974778,
      "inference": 53.655899999284884,
      "postprocess": 6.024799999067909
    },
    {
      "preprocess": 1.0308000000804896,
      "inference": 56.68420000074548,
      "postprocess": 5.832699998791213
    },
    {
      "preprocess": 1.0498999999981606,
      "inference": 56.59570000170788,
      "postprocess": 6.691299999147304
    },
    {
      "preprocess": 1.551199999084929,
      "inference": 53.21189999995113,
      "postprocess": 6.3485999999102205
    },
    {
      "preprocess": 1.1653000001388136,
      "inference": 58.16000000049826,
      "postprocess": 7.007299998804228
    },
    {
      "preprocess": 1.7889999999169959,
      "inference": 57.597200000600424,
      "postprocess": 5.602799999905983
    },
    {
      "preprocess": 1.424200001565623,
      "inference": 55.33309999918856,
      "postprocess": 5.842900000061491
    },
    {
      "preprocess": 1.3567000005423324,
      "inference": 57.69670000154292,
      "postprocess": 6.143599999631988
    },
    {
      "preprocess": 1.3828999999532243,
      "inference": 58.138599999438156,
      "postprocess": 6.394300000465591
    },
    {
      "preprocess": 1.37660000109463,
      "inference": 53.505699999732315,
      "postprocess": 6.6556000001583016
    },
    {
      "preprocess": 1.414199999999255,
      "inference": 56.43849999978556,
      "postprocess": 7.317200001125457
    },
    {
      "preprocess": 1.473700000133249,
      "inference": 57.10139999973762,
      "postprocess": 7.21730000077514
    },
    {
      "preprocess": 1.396599998770398,
      "inference": 56.17259999962698,
      "postprocess": 7.423699998980737
    },
    {
      "preprocess": 1.416500001141685,
      "inference": 57.30539999967732,
      "postprocess": 6.589799999346724
    },
    {
      "preprocess": 1.5644000013708137,
      "inference": 55.06210000021383,
      "postprocess": 7.55849999950442
    },
    {
      "preprocess": 1.3312999999470776,
      "inference": 61.31699999968987,
      "postprocess": 7.962200001202291
    },
    {
      "preprocess": 1.4363000009325333,
      "inference": 62.61160000030941,
      "postprocess": 7.6241000006120885
    },
    {
      "preprocess": 1.5186999989964534,
      "inference": 63.29659999937576,
      "postprocess": 7.613800000399351
    },
    {
      "preprocess": 1.4209000000846572,
      "inference": 62.92770000072778,
      "postprocess": 7.838400000764523
    },
    {
      "preprocess": 1.4164000003802357,
      "inference": 65.25830000100541,
      "postprocess": 7.222700000056648
    }
  ],
  "device": "cpu",
  "parameters": 2590035,
  "duration_seconds": 129.22136920000048,
  "deployment_eligible": false,
  "license": "Ultralytics AGPL-3.0 / Enterprise terms; dataset retains its own terms",
  "context_supervision": "neutral context only; context training not implemented for YOLO batches",
  "gate_reason": "Experimental candidate; independent domain and hardware acceptance required",
  "outperforms_yolo": "not established"
}
